// Jest Snapshot v1, https://goo.gl/fbAQLP

exports[`CardEditor.vue matches snapshot 1`] = `
<div
  class="card-editor"
>
  <p
    class="form__top-label"
  >
    Front
  </p>
   
  <input
    class="form__text-input"
    type="text"
  />
   
  <p
    class="form__top-label"
  >
    Back
  </p>
   
  <input
    class="form__text-input"
    type="text"
  />
   
  <div
    class="form__button-row"
  >
    <svg
      aria-hidden="true"
      class="form__button button form__button--cancel svg-inline--fa fa-times fa-w-11 fa-2x"
      data-icon="times"
      data-prefix="fas"
      focusable="false"
      role="img"
      viewBox="0 0 352 512"
      xmlns="http://www.w3.org/2000/svg"
    >
      <path
        class=""
        d="M242.72 256l100.07-100.07c12.28-12.28 12.28-32.19 0-44.48l-22.24-22.24c-12.28-12.28-32.19-12.28-44.48 0L176 189.28 75.93 89.21c-12.28-12.28-32.19-12.28-44.48 0L9.21 111.45c-12.28 12.28-12.28 32.19 0 44.48L109.28 256 9.21 356.07c-12.28 12.28-12.28 32.19 0 44.48l22.24 22.24c12.28 12.28 32.2 12.28 44.48 0L176 322.72l100.07 100.07c12.28 12.28 32.2 12.28 44.48 0l22.24-22.24c12.28-12.28 12.28-32.19 0-44.48L242.72 256z"
        fill="currentColor"
      />
    </svg>
     
    <svg
      aria-hidden="true"
      class="form__button button form__button--confirm svg-inline--fa fa-check fa-w-16 fa-2x"
      color="#42b983"
      data-icon="check"
      data-prefix="fas"
      focusable="false"
      role="img"
      viewBox="0 0 512 512"
      xmlns="http://www.w3.org/2000/svg"
    >
      <path
        class=""
        d="M173.898 439.404l-166.4-166.4c-9.997-9.997-9.997-26.206 0-36.204l36.203-36.204c9.997-9.998 26.207-9.998 36.204 0L192 312.69 432.095 72.596c9.997-9.997 26.207-9.997 36.204 0l36.203 36.204c9.997 9.997 9.997 26.206 0 36.204l-294.4 294.401c-9.998 9.997-26.207 9.997-36.204-.001z"
        fill="currentColor"
      />
    </svg>
  </div>
</div>
`;
